{
    tag = PARSE_NODE_VARIABLE_DEFINITION
    name = i
    type = {
        tag = PARSE_NODE_TYPE
        type_node_kind = TYPE_NODE_KIND_PRIMITIVE_TYPENAME
        type_name = int
        type_args = [
        ]
    }
    value = {
        tag = PARSE_NODE_LITERAL
        tokens = [
            0
        ]
    }
    storage_class_specifier = _Thread_local
}

// C Output
_Thread_local int i = 0;

